[INFO] Scanning for projects...
[INFO] ------------------------------------------------------------------------
[INFO] Reactor Build Order:
[INFO] 
[INFO] MangBan                                                            [pom]
[INFO] mangban-common                                                     [jar]
[INFO] mangban-framework                                                  [jar]
[INFO] mangban-system                                                     [jar]
[INFO] mangban-admin                                                      [jar]
[INFO] 
[INFO] ------------------------< com.mangban:mangban >-------------------------
[INFO] Building MangBan 1.0.0                                             [1/5]
[INFO]   from pom.xml
[INFO] --------------------------------[ pom ]---------------------------------
[INFO] 
[INFO] >>> spring-boot:3.5.0:run (default-cli) > test-compile @ mangban >>>
[INFO] 
[INFO] <<< spring-boot:3.5.0:run (default-cli) < test-compile @ mangban <<<
[INFO] 
[INFO] 
[INFO] --- spring-boot:3.5.0:run (default-cli) @ mangban ---
[INFO] ------------------------------------------------------------------------
[INFO] Reactor Summary for MangBan 1.0.0:
[INFO] 
[INFO] MangBan ............................................ FAILURE [  0.529 s]
[INFO] mangban-common ..................................... SKIPPED
[INFO] mangban-framework .................................. SKIPPED
[INFO] mangban-system ..................................... SKIPPED
[INFO] mangban-admin ...................................... SKIPPED
[INFO] ------------------------------------------------------------------------
[INFO] BUILD FAILURE
[INFO] ------------------------------------------------------------------------
[INFO] Total time:  0.983 s
[INFO] Finished at: 2026-07-26T01:55:20+08:00
[INFO] ------------------------------------------------------------------------
[ERROR] Failed to execute goal org.springframework.boot:spring-boot-maven-plugin:3.5.0:run (default-cli) on project mangban: Unable to find a suitable main class, please add a 'mainClass' property -> [Help 1]
[ERROR] 
[ERROR] To see the full stack trace of the errors, re-run Maven with the -e switch.
[ERROR] Re-run Maven using the -X switch to enable full debug logging.
[ERROR] 
[ERROR] For more information about the errors and possible solutions, please read the following articles:
[ERROR] [Help 1] http://cwiki.apache.org/confluence/display/MAVEN/MojoExecutionException
